// Jest Snapshot v1, https://goo.gl/fbAQLP

exports[`Home should render correctly in "debug" mode 1`] = `
<Fragment>
  <Header
    text="Welcome to StaySafe!"
  />
  <img
    alt="StaySafe Logo"
    className="staysafe-logo"
    src="logo.png"
  />
  <Link
    to="/auth/login"
  >
    <button
      className="mint-button"
    >
      Login
    </button>
  </Link>
  <Link
    to="/auth/create"
  >
    <button
      className="mint-button"
    >
      Sign Up
    </button>
  </Link>
</Fragment>
`;
