// Jest Snapshot v1, https://goo.gl/fbAQLP

exports[`EditProfile should render correctly in "debug" mode 1`] = `<Edit />`;
