// Jest Snapshot v1, https://goo.gl/fbAQLP

exports[`LoginPage should render correctly in "debug" mode 1`] = `<Register />`;
