// Jest Snapshot v1, https://goo.gl/fbAQLP

exports[`SingleFriend should render correctly in "debug" mode 1`] = `
<div>
  <b>
    <DeleteFriend />
     
  </b>
  <br />
  <hr />
</div>
`;
