// Jest Snapshot v1, https://goo.gl/fbAQLP

exports[`Hamburger should render correctly in "debug" mode 1`] = `
<div>
  <Menu
    bodyClassName=""
    burgerBarClassName=""
    burgerButtonClassName=""
    className=""
    crossButtonClassName=""
    crossClassName=""
    disableAutoFocus={false}
    disableCloseOnEsc={false}
    htmlClassName=""
    id=""
    itemClassName=""
    itemListClassName=""
    menuClassName=""
    morphShapeClassName=""
    noOverlay={false}
    noTransition={false}
    onIconHoverChange={[Function]}
    onStateChange={[Function]}
    outerContainerId="outer-container"
    overlayClassName=""
    pageWrapId="page-wrap"
    styles={Object {}}
    width={300}
  >
    <div>
      <Logout />
      <EditProfileButton />
      <FriendSearch />
      <h4>
        Friends:
      </h4>
      <hr />
      <Friends />
    </div>
  </Menu>
</div>
`;
